#-----------------------------------------------------------
# Vivado v2020.2 (64-bit)
# SW Build 3064766 on Wed Nov 18 09:12:45 MST 2020
# IP Build 3064653 on Wed Nov 18 14:17:31 MST 2020
# Start of session at: Mon Jun 15 17:24:08 2026
# Process ID: 27860
# Current directory: D:/dldproject/snake/snake
# Command line: vivado.exe -gui_launcher_event rodinguilauncherevent26696 D:\dldproject\snake\snake\snake.xpr
# Log file: D:/dldproject/snake/snake/vivado.log
# Journal file: D:/dldproject/snake/snake\vivado.jou
#-----------------------------------------------------------
start_gui
open_project D:/dldproject/snake/snake/snake.xpr
update_compile_order -fileset sources_1
reset_run synth_1
launch_runs impl_1 -to_step write_bitstream -jobs 8
wait_on_run impl_1
open_hw_manager
connect_hw_server -allow_non_jtag
open_hw_target
set_property PROGRAM.FILE {D:/dldproject/snake/snake/snake.runs/impl_1/snake_top.bit} [get_hw_devices xc7k160t_0]
current_hw_device [get_hw_devices xc7k160t_0]
refresh_hw_device -update_hw_probes false [lindex [get_hw_devices xc7k160t_0] 0]
refresh_hw_device [lindex [get_hw_devices xc7k160t_0] 0]
set_property PROBES.FILE {} [get_hw_devices xc7k160t_0]
set_property FULL_PROBES.FILE {} [get_hw_devices xc7k160t_0]
set_property PROGRAM.FILE {D:/dldproject/snake/snake/snake.runs/impl_1/snake_top.bit} [get_hw_devices xc7k160t_0]
program_hw_devices [get_hw_devices xc7k160t_0]
refresh_hw_device [lindex [get_hw_devices xc7k160t_0] 0]
