Copyright 1986-2020 Xilinx, Inc. All Rights Reserved.
--------------------------------------------------------------------------------------
| Tool Version : Vivado v.2020.2 (win64) Build 3064766 Wed Nov 18 09:12:45 MST 2020
| Date         : Mon Jun 22 15:46:45 2026
| Host         : FWX running 64-bit major release  (build 9200)
| Command      : report_control_sets -verbose -file snake_top_control_sets_placed.rpt
| Design       : snake_top
| Device       : xc7k160t
--------------------------------------------------------------------------------------

Control Set Information

Table of Contents
-----------------
1. Summary
2. Histogram
3. Flip-Flop Distribution
4. Detailed Control Set Information

1. Summary
----------

+----------------------------------------------------------+-------+
|                          Status                          | Count |
+----------------------------------------------------------+-------+
| Total control sets                                       |   273 |
|    Minimum number of control sets                        |   273 |
|    Addition due to synthesis replication                 |     0 |
|    Addition due to physical synthesis replication        |     0 |
| Unused register locations in slices containing registers |  1366 |
+----------------------------------------------------------+-------+
* Control sets can be merged at opt_design using control_set_merge or merge_equivalent_drivers
** Run report_qor_suggestions for automated merging and remapping suggestions


2. Histogram
------------

+--------------------+-------+
|       Fanout       | Count |
+--------------------+-------+
| Total control sets |   273 |
| >= 0 to < 4        |     0 |
| >= 4 to < 6        |     4 |
| >= 6 to < 8        |     0 |
| >= 8 to < 10       |     2 |
| >= 10 to < 12      |   258 |
| >= 12 to < 14      |     0 |
| >= 14 to < 16      |     0 |
| >= 16              |     9 |
+--------------------+-------+
* Control sets can be remapped at either synth_design or opt_design


3. Flip-Flop Distribution
-------------------------

+--------------+-----------------------+------------------------+-----------------+--------------+
| Clock Enable | Synchronous Set/Reset | Asynchronous Set/Reset | Total Registers | Total Slices |
+--------------+-----------------------+------------------------+-----------------+--------------+
| No           | No                    | No                     |               9 |            5 |
| No           | No                    | Yes                    |            1344 |          737 |
| No           | Yes                   | No                     |              25 |            7 |
| Yes          | No                    | No                     |            2791 |         1051 |
| Yes          | No                    | Yes                    |             257 |           87 |
| Yes          | Yes                   | No                     |               0 |            0 |
+--------------+-----------------------+------------------------+-----------------+--------------+


4. Detailed Control Set Information
-----------------------------------

+----------------+--------------------------------+------------------+------------------+----------------+--------------+
|  Clock Signal  |          Enable Signal         | Set/Reset Signal | Slice Load Count | Bel Load Count | Bels / Slice |
+----------------+--------------------------------+------------------+------------------+----------------+--------------+
|  clk_IBUF_BUFG | u_game/score_reg[11]           | u_game/rst       |                1 |              4 |         4.00 |
|  clk_IBUF_BUFG | u_game/score_reg[7]            | u_game/rst       |                1 |              4 |         4.00 |
|  clk_IBUF_BUFG | u_game/score_reg[3]            | u_game/rst       |                2 |              4 |         2.00 |
|  clk_IBUF_BUFG | u_game/score_reg[15]           | u_game/rst       |                2 |              4 |         2.00 |
|  clk_IBUF_BUFG | por_rst                        |                  |                3 |              8 |         2.67 |
|  clk_IBUF_BUFG |                                |                  |                5 |              9 |         1.80 |
|  clk_IBUF_BUFG | u_clkdiv/E[0]                  | u_game/rst       |                3 |             10 |         3.33 |
|  clk_IBUF_BUFG | u_game/snake_x[91][5]_i_1_n_0  |                  |                3 |             11 |         3.67 |
|  clk_IBUF_BUFG | u_game/snake_x[81][5]_i_1_n_0  |                  |                2 |             11 |         5.50 |
|  clk_IBUF_BUFG | u_game/food_x_reg              | u_game/rst       |                6 |             11 |         1.83 |
|  clk_IBUF_BUFG | u_game/snake_x[128][5]_i_1_n_0 |                  |                2 |             11 |         5.50 |
|  clk_IBUF_BUFG | u_game/snake_x[109][5]_i_1_n_0 |                  |                6 |             11 |         1.83 |
|  clk_IBUF_BUFG | u_game/snake_x[113][5]_i_1_n_0 |                  |                3 |             11 |         3.67 |
|  clk_IBUF_BUFG | u_game/snake_x[114][5]_i_1_n_0 |                  |                4 |             11 |         2.75 |
|  clk_IBUF_BUFG | u_game/snake_x[130][5]_i_1_n_0 |                  |                3 |             11 |         3.67 |
|  clk_IBUF_BUFG | u_game/snake_x[115][5]_i_1_n_0 |                  |                2 |             11 |         5.50 |
|  clk_IBUF_BUFG | u_game/snake_x[103][5]_i_1_n_0 |                  |                4 |             11 |         2.75 |
|  clk_IBUF_BUFG | u_game/snake_x[104][5]_i_1_n_0 |                  |                3 |             11 |         3.67 |
|  clk_IBUF_BUFG | u_game/snake_x[107][5]_i_1_n_0 |                  |                3 |             11 |         3.67 |
|  clk_IBUF_BUFG | u_game/snake_x[112][5]_i_1_n_0 |                  |                3 |             11 |         3.67 |
|  clk_IBUF_BUFG | u_game/snake_x[0][5]_i_1_n_0   | u_game/rst       |                3 |             11 |         3.67 |
|  clk_IBUF_BUFG | u_game/snake_x[108][5]_i_1_n_0 |                  |                2 |             11 |         5.50 |
|  clk_IBUF_BUFG | u_game/snake_x[111][5]_i_1_n_0 |                  |                3 |             11 |         3.67 |
|  clk_IBUF_BUFG | u_game/snake_x[119][5]_i_1_n_0 |                  |                2 |             11 |         5.50 |
|  clk_IBUF_BUFG | u_game/snake_x[118][5]_i_1_n_0 |                  |                3 |             11 |         3.67 |
|  clk_IBUF_BUFG | u_game/snake_x[101][5]_i_1_n_0 |                  |                3 |             11 |         3.67 |
|  clk_IBUF_BUFG | u_game/snake_x[11][5]_i_1_n_0  |                  |                4 |             11 |         2.75 |
|  clk_IBUF_BUFG | u_game/snake_x[122][5]_i_1_n_0 |                  |                4 |             11 |         2.75 |
|  clk_IBUF_BUFG | u_game/snake_x[124][5]_i_1_n_0 |                  |                6 |             11 |         1.83 |
|  clk_IBUF_BUFG | u_game/snake_x[110][5]_i_1_n_0 |                  |                7 |             11 |         1.57 |
|  clk_IBUF_BUFG | u_game/snake_x[120][5]_i_1_n_0 |                  |                3 |             11 |         3.67 |
|  clk_IBUF_BUFG | u_game/snake_x[125][5]_i_1_n_0 |                  |                6 |             11 |         1.83 |
|  clk_IBUF_BUFG | u_game/snake_x[102][5]_i_1_n_0 |                  |                4 |             11 |         2.75 |
|  clk_IBUF_BUFG | u_game/snake_x[106][5]_i_1_n_0 |                  |                4 |             11 |         2.75 |
|  clk_IBUF_BUFG | u_game/snake_x[116][5]_i_1_n_0 |                  |                4 |             11 |         2.75 |
|  clk_IBUF_BUFG | u_game/snake_x[117][5]_i_1_n_0 |                  |                3 |             11 |         3.67 |
|  clk_IBUF_BUFG | u_game/snake_x[123][5]_i_1_n_0 |                  |                2 |             11 |         5.50 |
|  clk_IBUF_BUFG | u_game/snake_x[105][5]_i_1_n_0 |                  |                3 |             11 |         3.67 |
|  clk_IBUF_BUFG | u_game/snake_x[10][5]_i_1_n_0  |                  |                2 |             11 |         5.50 |
|  clk_IBUF_BUFG | u_game/snake_x[121][5]_i_1_n_0 |                  |                2 |             11 |         5.50 |
|  clk_IBUF_BUFG | u_game/snake_x[127][5]_i_1_n_0 |                  |                8 |             11 |         1.38 |
|  clk_IBUF_BUFG | u_game/snake_x[129][5]_i_1_n_0 |                  |                2 |             11 |         5.50 |
|  clk_IBUF_BUFG | u_game/snake_x[100][5]_i_1_n_0 |                  |                6 |             11 |         1.83 |
|  clk_IBUF_BUFG | u_game/snake_x[126][5]_i_1_n_0 |                  |                7 |             11 |         1.57 |
|  clk_IBUF_BUFG | u_game/snake_x[12][5]_i_1_n_0  |                  |                3 |             11 |         3.67 |
|  clk_IBUF_BUFG | u_game/snake_x[141][5]_i_1_n_0 |                  |                4 |             11 |         2.75 |
|  clk_IBUF_BUFG | u_game/snake_x[158][5]_i_1_n_0 |                  |                3 |             11 |         3.67 |
|  clk_IBUF_BUFG | u_game/snake_x[164][5]_i_1_n_0 |                  |                2 |             11 |         5.50 |
|  clk_IBUF_BUFG | u_game/snake_x[137][5]_i_1_n_0 |                  |                4 |             11 |         2.75 |
|  clk_IBUF_BUFG | u_game/snake_x[139][5]_i_1_n_0 |                  |                5 |             11 |         2.20 |
|  clk_IBUF_BUFG | u_game/snake_x[146][5]_i_1_n_0 |                  |                3 |             11 |         3.67 |
|  clk_IBUF_BUFG | u_game/snake_x[149][5]_i_1_n_0 |                  |                2 |             11 |         5.50 |
|  clk_IBUF_BUFG | u_game/snake_x[166][5]_i_1_n_0 |                  |                2 |             11 |         5.50 |
|  clk_IBUF_BUFG | u_game/snake_x[134][5]_i_1_n_0 |                  |                4 |             11 |         2.75 |
|  clk_IBUF_BUFG | u_game/snake_x[131][5]_i_1_n_0 |                  |                2 |             11 |         5.50 |
|  clk_IBUF_BUFG | u_game/snake_x[133][5]_i_1_n_0 |                  |                4 |             11 |         2.75 |
|  clk_IBUF_BUFG | u_game/snake_x[13][5]_i_1_n_0  |                  |                5 |             11 |         2.20 |
|  clk_IBUF_BUFG | u_game/snake_x[147][5]_i_1_n_0 |                  |                2 |             11 |         5.50 |
|  clk_IBUF_BUFG | u_game/snake_x[132][5]_i_1_n_0 |                  |                2 |             11 |         5.50 |
|  clk_IBUF_BUFG | u_game/snake_x[148][5]_i_1_n_0 |                  |                2 |             11 |         5.50 |
|  clk_IBUF_BUFG | u_game/snake_x[150][5]_i_1_n_0 |                  |                4 |             11 |         2.75 |
|  clk_IBUF_BUFG | u_game/snake_x[138][5]_i_1_n_0 |                  |                6 |             11 |         1.83 |
|  clk_IBUF_BUFG | u_game/snake_x[151][5]_i_1_n_0 |                  |                2 |             11 |         5.50 |
|  clk_IBUF_BUFG | u_game/snake_x[135][5]_i_1_n_0 |                  |                3 |             11 |         3.67 |
|  clk_IBUF_BUFG | u_game/snake_x[143][5]_i_1_n_0 |                  |                7 |             11 |         1.57 |
|  clk_IBUF_BUFG | u_game/snake_x[153][5]_i_1_n_0 |                  |                3 |             11 |         3.67 |
|  clk_IBUF_BUFG | u_game/snake_x[154][5]_i_1_n_0 |                  |                2 |             11 |         5.50 |
|  clk_IBUF_BUFG | u_game/snake_x[142][5]_i_1_n_0 |                  |                7 |             11 |         1.57 |
|  clk_IBUF_BUFG | u_game/snake_x[140][5]_i_1_n_0 |                  |                7 |             11 |         1.57 |
|  clk_IBUF_BUFG | u_game/snake_x[155][5]_i_1_n_0 |                  |                2 |             11 |         5.50 |
|  clk_IBUF_BUFG | u_game/snake_x[145][5]_i_1_n_0 |                  |                3 |             11 |         3.67 |
|  clk_IBUF_BUFG | u_game/snake_x[14][5]_i_1_n_0  |                  |                3 |             11 |         3.67 |
|  clk_IBUF_BUFG | u_game/snake_x[152][5]_i_1_n_0 |                  |                5 |             11 |         2.20 |
|  clk_IBUF_BUFG | u_game/snake_x[136][5]_i_1_n_0 |                  |                3 |             11 |         3.67 |
|  clk_IBUF_BUFG | u_game/snake_x[159][5]_i_1_n_0 |                  |                9 |             11 |         1.22 |
|  clk_IBUF_BUFG | u_game/snake_x[15][5]_i_1_n_0  |                  |                3 |             11 |         3.67 |
|  clk_IBUF_BUFG | u_game/snake_x[160][5]_i_1_n_0 |                  |                3 |             11 |         3.67 |
|  clk_IBUF_BUFG | u_game/snake_x[162][5]_i_1_n_0 |                  |                5 |             11 |         2.20 |
|  clk_IBUF_BUFG | u_game/snake_x[156][5]_i_1_n_0 |                  |                9 |             11 |         1.22 |
|  clk_IBUF_BUFG | u_game/snake_x[163][5]_i_1_n_0 |                  |                3 |             11 |         3.67 |
|  clk_IBUF_BUFG | u_game/snake_x[165][5]_i_1_n_0 |                  |                2 |             11 |         5.50 |
|  clk_IBUF_BUFG | u_game/snake_x[161][5]_i_1_n_0 |                  |                2 |             11 |         5.50 |
|  clk_IBUF_BUFG | u_game/snake_x[167][5]_i_1_n_0 |                  |                4 |             11 |         2.75 |
|  clk_IBUF_BUFG | u_game/snake_x[157][5]_i_1_n_0 |                  |                3 |             11 |         3.67 |
|  clk_IBUF_BUFG | u_game/snake_x[144][5]_i_1_n_0 |                  |                4 |             11 |         2.75 |
|  clk_IBUF_BUFG | u_game/snake_x[176][5]_i_1_n_0 |                  |                5 |             11 |         2.20 |
|  clk_IBUF_BUFG | u_game/snake_x[170][5]_i_1_n_0 |                  |                3 |             11 |         3.67 |
|  clk_IBUF_BUFG | u_game/snake_x[180][5]_i_1_n_0 |                  |                6 |             11 |         1.83 |
|  clk_IBUF_BUFG | u_game/snake_x[181][5]_i_1_n_0 |                  |                3 |             11 |         3.67 |
|  clk_IBUF_BUFG | u_game/snake_x[189][5]_i_1_n_0 |                  |                5 |             11 |         2.20 |
|  clk_IBUF_BUFG | u_game/snake_x[192][5]_i_1_n_0 |                  |                2 |             11 |         5.50 |
|  clk_IBUF_BUFG | u_game/snake_x[175][5]_i_1_n_0 |                  |               10 |             11 |         1.10 |
|  clk_IBUF_BUFG | u_game/snake_x[196][5]_i_1_n_0 |                  |                4 |             11 |         2.75 |
|  clk_IBUF_BUFG | u_game/snake_x[169][5]_i_1_n_0 |                  |                4 |             11 |         2.75 |
|  clk_IBUF_BUFG | u_game/snake_x[188][5]_i_1_n_0 |                  |                7 |             11 |         1.57 |
|  clk_IBUF_BUFG | u_game/snake_x[19][5]_i_1_n_0  |                  |                3 |             11 |         3.67 |
|  clk_IBUF_BUFG | u_game/snake_x[174][5]_i_1_n_0 |                  |                5 |             11 |         2.20 |
|  clk_IBUF_BUFG | u_game/snake_x[203][5]_i_1_n_0 |                  |                2 |             11 |         5.50 |
|  clk_IBUF_BUFG | u_game/snake_x[204][5]_i_1_n_0 |                  |                5 |             11 |         2.20 |
|  clk_IBUF_BUFG | u_game/snake_x[187][5]_i_1_n_0 |                  |                3 |             11 |         3.67 |
|  clk_IBUF_BUFG | u_game/snake_x[202][5]_i_1_n_0 |                  |                2 |             11 |         5.50 |
|  clk_IBUF_BUFG | u_game/snake_x[205][5]_i_1_n_0 |                  |                4 |             11 |         2.75 |
|  clk_IBUF_BUFG | u_game/snake_x[195][5]_i_1_n_0 |                  |                3 |             11 |         3.67 |
|  clk_IBUF_BUFG | u_game/snake_x[182][5]_i_1_n_0 |                  |                3 |             11 |         3.67 |
|  clk_IBUF_BUFG | u_game/snake_x[183][5]_i_1_n_0 |                  |                4 |             11 |         2.75 |
|  clk_IBUF_BUFG | u_game/snake_x[173][5]_i_1_n_0 |                  |                2 |             11 |         5.50 |
|  clk_IBUF_BUFG | u_game/snake_x[179][5]_i_1_n_0 |                  |                2 |             11 |         5.50 |
|  clk_IBUF_BUFG | u_game/snake_x[18][5]_i_1_n_0  |                  |                3 |             11 |         3.67 |
|  clk_IBUF_BUFG | u_game/snake_x[168][5]_i_1_n_0 |                  |                3 |             11 |         3.67 |
|  clk_IBUF_BUFG | u_game/snake_x[172][5]_i_1_n_0 |                  |                2 |             11 |         5.50 |
|  clk_IBUF_BUFG | u_game/snake_x[17][5]_i_1_n_0  |                  |                3 |             11 |         3.67 |
|  clk_IBUF_BUFG | u_game/snake_x[184][5]_i_1_n_0 |                  |                3 |             11 |         3.67 |
|  clk_IBUF_BUFG | u_game/snake_x[190][5]_i_1_n_0 |                  |                8 |             11 |         1.38 |
|  clk_IBUF_BUFG | u_game/snake_x[186][5]_i_1_n_0 |                  |                6 |             11 |         1.83 |
|  clk_IBUF_BUFG | u_game/snake_x[193][5]_i_1_n_0 |                  |                2 |             11 |         5.50 |
|  clk_IBUF_BUFG | u_game/snake_x[191][5]_i_1_n_0 |                  |                5 |             11 |         2.20 |
|  clk_IBUF_BUFG | u_game/snake_x[177][5]_i_1_n_0 |                  |                3 |             11 |         3.67 |
|  clk_IBUF_BUFG | u_game/snake_x[199][5]_i_1_n_0 |                  |                4 |             11 |         2.75 |
|  clk_IBUF_BUFG | u_game/snake_x[171][5]_i_1_n_0 |                  |                4 |             11 |         2.75 |
|  clk_IBUF_BUFG | u_game/snake_x[197][5]_i_1_n_0 |                  |                3 |             11 |         3.67 |
|  clk_IBUF_BUFG | u_game/snake_x[16][5]_i_1_n_0  |                  |                4 |             11 |         2.75 |
|  clk_IBUF_BUFG | u_game/snake_x[178][5]_i_1_n_0 |                  |                3 |             11 |         3.67 |
|  clk_IBUF_BUFG | u_game/snake_x[194][5]_i_1_n_0 |                  |                3 |             11 |         3.67 |
|  clk_IBUF_BUFG | u_game/snake_x[185][5]_i_1_n_0 |                  |                5 |             11 |         2.20 |
|  clk_IBUF_BUFG | u_game/snake_x[198][5]_i_1_n_0 |                  |                6 |             11 |         1.83 |
|  clk_IBUF_BUFG | u_game/snake_x[1][5]_i_1_n_0   | u_game/rst       |                3 |             11 |         3.67 |
|  clk_IBUF_BUFG | u_game/snake_x[200][5]_i_1_n_0 |                  |                7 |             11 |         1.57 |
|  clk_IBUF_BUFG | u_game/snake_x[201][5]_i_1_n_0 |                  |                2 |             11 |         5.50 |
|  clk_IBUF_BUFG | u_game/snake_x[245][5]_i_1_n_0 |                  |                2 |             11 |         5.50 |
|  clk_IBUF_BUFG | u_game/snake_x[246][5]_i_1_n_0 |                  |                6 |             11 |         1.83 |
|  clk_IBUF_BUFG | u_game/snake_x[226][5]_i_1_n_0 |                  |                3 |             11 |         3.67 |
|  clk_IBUF_BUFG | u_game/snake_x[223][5]_i_1_n_0 |                  |                7 |             11 |         1.57 |
|  clk_IBUF_BUFG | u_game/snake_x[206][5]_i_1_n_0 |                  |                3 |             11 |         3.67 |
|  clk_IBUF_BUFG | u_game/snake_x[213][5]_i_1_n_0 |                  |                5 |             11 |         2.20 |
|  clk_IBUF_BUFG | u_game/snake_x[22][5]_i_1_n_0  |                  |                5 |             11 |         2.20 |
|  clk_IBUF_BUFG | u_game/snake_x[231][5]_i_1_n_0 |                  |                5 |             11 |         2.20 |
|  clk_IBUF_BUFG | u_game/snake_x[209][5]_i_1_n_0 |                  |                3 |             11 |         3.67 |
|  clk_IBUF_BUFG | u_game/snake_x[208][5]_i_1_n_0 |                  |                4 |             11 |         2.75 |
|  clk_IBUF_BUFG | u_game/snake_x[21][5]_i_1_n_0  |                  |                3 |             11 |         3.67 |
|  clk_IBUF_BUFG | u_game/snake_x[207][5]_i_1_n_0 |                  |                4 |             11 |         2.75 |
|  clk_IBUF_BUFG | u_game/snake_x[214][5]_i_1_n_0 |                  |                3 |             11 |         3.67 |
|  clk_IBUF_BUFG | u_game/snake_x[230][5]_i_1_n_0 |                  |                3 |             11 |         3.67 |
|  clk_IBUF_BUFG | u_game/snake_x[232][5]_i_1_n_0 |                  |                4 |             11 |         2.75 |
|  clk_IBUF_BUFG | u_game/snake_x[233][5]_i_1_n_0 |                  |                4 |             11 |         2.75 |
|  clk_IBUF_BUFG | u_game/snake_x[234][5]_i_1_n_0 |                  |                4 |             11 |         2.75 |
|  clk_IBUF_BUFG | u_game/snake_x[235][5]_i_1_n_0 |                  |                2 |             11 |         5.50 |
|  clk_IBUF_BUFG | u_game/snake_x[222][5]_i_1_n_0 |                  |                5 |             11 |         2.20 |
|  clk_IBUF_BUFG | u_game/snake_x[240][5]_i_1_n_0 |                  |                6 |             11 |         1.83 |
|  clk_IBUF_BUFG | u_game/snake_x[225][5]_i_1_n_0 |                  |                3 |             11 |         3.67 |
|  clk_IBUF_BUFG | u_game/snake_x[210][5]_i_1_n_0 |                  |                2 |             11 |         5.50 |
|  clk_IBUF_BUFG | u_game/snake_x[20][5]_i_1_n_0  |                  |                3 |             11 |         3.67 |
|  clk_IBUF_BUFG | u_game/snake_x[220][5]_i_1_n_0 |                  |                5 |             11 |         2.20 |
|  clk_IBUF_BUFG | u_game/snake_x[215][5]_i_1_n_0 |                  |                4 |             11 |         2.75 |
|  clk_IBUF_BUFG | u_game/snake_x[217][5]_i_1_n_0 |                  |                6 |             11 |         1.83 |
|  clk_IBUF_BUFG | u_game/snake_x[228][5]_i_1_n_0 |                  |                6 |             11 |         1.83 |
|  clk_IBUF_BUFG | u_game/snake_x[211][5]_i_1_n_0 |                  |                2 |             11 |         5.50 |
|  clk_IBUF_BUFG | u_game/snake_x[227][5]_i_1_n_0 |                  |                3 |             11 |         3.67 |
|  clk_IBUF_BUFG | u_game/snake_x[212][5]_i_1_n_0 |                  |                4 |             11 |         2.75 |
|  clk_IBUF_BUFG | u_game/snake_x[219][5]_i_1_n_0 |                  |                2 |             11 |         5.50 |
|  clk_IBUF_BUFG | u_game/snake_x[238][5]_i_1_n_0 |                  |                3 |             11 |         3.67 |
|  clk_IBUF_BUFG | u_game/snake_x[216][5]_i_1_n_0 |                  |                3 |             11 |         3.67 |
|  clk_IBUF_BUFG | u_game/snake_x[221][5]_i_1_n_0 |                  |                6 |             11 |         1.83 |
|  clk_IBUF_BUFG | u_game/snake_x[224][5]_i_1_n_0 |                  |                3 |             11 |         3.67 |
|  clk_IBUF_BUFG | u_game/snake_x[236][5]_i_1_n_0 |                  |                6 |             11 |         1.83 |
|  clk_IBUF_BUFG | u_game/snake_x[229][5]_i_1_n_0 |                  |                5 |             11 |         2.20 |
|  clk_IBUF_BUFG | u_game/snake_x[218][5]_i_1_n_0 |                  |                4 |             11 |         2.75 |
|  clk_IBUF_BUFG | u_game/snake_x[237][5]_i_1_n_0 |                  |                6 |             11 |         1.83 |
|  clk_IBUF_BUFG | u_game/snake_x[23][5]_i_1_n_0  |                  |                3 |             11 |         3.67 |
|  clk_IBUF_BUFG | u_game/snake_x[241][5]_i_1_n_0 |                  |                2 |             11 |         5.50 |
|  clk_IBUF_BUFG | u_game/snake_x[242][5]_i_1_n_0 |                  |                5 |             11 |         2.20 |
|  clk_IBUF_BUFG | u_game/snake_x[243][5]_i_1_n_0 |                  |                3 |             11 |         3.67 |
|  clk_IBUF_BUFG | u_game/snake_x[244][5]_i_1_n_0 |                  |                2 |             11 |         5.50 |
|  clk_IBUF_BUFG | u_game/snake_x[239][5]_i_1_n_0 |                  |                9 |             11 |         1.22 |
|  clk_IBUF_BUFG | u_game/snake_x[40][5]_i_1_n_0  |                  |                7 |             11 |         1.57 |
|  clk_IBUF_BUFG | u_game/snake_x[251][5]_i_1_n_0 |                  |                4 |             11 |         2.75 |
|  clk_IBUF_BUFG | u_game/snake_x[48][5]_i_1_n_0  |                  |                3 |             11 |         3.67 |
|  clk_IBUF_BUFG | u_game/snake_x[26][5]_i_1_n_0  |                  |                4 |             11 |         2.75 |
|  clk_IBUF_BUFG | u_game/snake_x[33][5]_i_1_n_0  |                  |                7 |             11 |         1.57 |
|  clk_IBUF_BUFG | u_game/snake_x[252][5]_i_1_n_0 |                  |                4 |             11 |         2.75 |
|  clk_IBUF_BUFG | u_game/snake_x[42][5]_i_1_n_0  |                  |                4 |             11 |         2.75 |
|  clk_IBUF_BUFG | u_game/snake_x[38][5]_i_1_n_0  |                  |                3 |             11 |         3.67 |
|  clk_IBUF_BUFG | u_game/snake_x[25][5]_i_1_n_0  |                  |                5 |             11 |         2.20 |
|  clk_IBUF_BUFG | u_game/snake_x[36][5]_i_1_n_0  |                  |                3 |             11 |         3.67 |
|  clk_IBUF_BUFG | u_game/snake_x[253][5]_i_1_n_0 |                  |                3 |             11 |         3.67 |
|  clk_IBUF_BUFG | u_game/snake_x[254][5]_i_1_n_0 |                  |                6 |             11 |         1.83 |
|  clk_IBUF_BUFG | u_game/snake_x[37][5]_i_1_n_0  |                  |                4 |             11 |         2.75 |
|  clk_IBUF_BUFG | u_game/snake_x[28][5]_i_1_n_0  |                  |                2 |             11 |         5.50 |
|  clk_IBUF_BUFG | u_game/snake_x[3][5]_i_1_n_0   |                  |                3 |             11 |         3.67 |
|  clk_IBUF_BUFG | u_game/snake_x[34][5]_i_1_n_0  |                  |                6 |             11 |         1.83 |
|  clk_IBUF_BUFG | u_game/snake_x[255][5]_i_1_n_0 |                  |                7 |             11 |         1.57 |
|  clk_IBUF_BUFG | u_game/snake_x[249][5]_i_1_n_0 |                  |                5 |             11 |         2.20 |
|  clk_IBUF_BUFG | u_game/snake_x[31][5]_i_1_n_0  |                  |               10 |             11 |         1.10 |
|  clk_IBUF_BUFG | u_game/snake_x[24][5]_i_1_n_0  |                  |                5 |             11 |         2.20 |
|  clk_IBUF_BUFG | u_game/snake_x[2][5]_i_1_n_0   | u_game/rst       |                5 |             11 |         2.20 |
|  clk_IBUF_BUFG | u_game/snake_x[35][5]_i_1_n_0  |                  |                8 |             11 |         1.38 |
|  clk_IBUF_BUFG | u_game/snake_x[39][5]_i_1_n_0  |                  |                8 |             11 |         1.38 |
|  clk_IBUF_BUFG | u_game/snake_x[43][5]_i_1_n_0  |                  |                5 |             11 |         2.20 |
|  clk_IBUF_BUFG | u_game/snake_x[44][5]_i_1_n_0  |                  |                5 |             11 |         2.20 |
|  clk_IBUF_BUFG | u_game/snake_x[45][5]_i_1_n_0  |                  |                2 |             11 |         5.50 |
|  clk_IBUF_BUFG | u_game/snake_x[46][5]_i_1_n_0  |                  |                7 |             11 |         1.57 |
|  clk_IBUF_BUFG | u_game/snake_x[47][5]_i_1_n_0  |                  |               10 |             11 |         1.10 |
|  clk_IBUF_BUFG | u_game/snake_x[41][5]_i_1_n_0  |                  |                5 |             11 |         2.20 |
|  clk_IBUF_BUFG | u_game/snake_x[27][5]_i_1_n_0  |                  |                4 |             11 |         2.75 |
|  clk_IBUF_BUFG | u_game/snake_x[49][5]_i_1_n_0  |                  |                2 |             11 |         5.50 |
|  clk_IBUF_BUFG | u_game/snake_x[250][5]_i_1_n_0 |                  |                2 |             11 |         5.50 |
|  clk_IBUF_BUFG | u_game/snake_x[30][5]_i_1_n_0  |                  |                7 |             11 |         1.57 |
|  clk_IBUF_BUFG | u_game/snake_x[248][5]_i_1_n_0 |                  |                3 |             11 |         3.67 |
|  clk_IBUF_BUFG | u_game/snake_x[32][5]_i_1_n_0  |                  |                3 |             11 |         3.67 |
|  clk_IBUF_BUFG | u_game/snake_x[29][5]_i_1_n_0  |                  |                3 |             11 |         3.67 |
|  clk_IBUF_BUFG | u_game/snake_x[4][5]_i_1_n_0   |                  |                5 |             11 |         2.20 |
|  clk_IBUF_BUFG | u_game/snake_x[52][5]_i_1_n_0  |                  |                3 |             11 |         3.67 |
|  clk_IBUF_BUFG | u_game/snake_x[58][5]_i_1_n_0  |                  |                3 |             11 |         3.67 |
|  clk_IBUF_BUFG | u_game/snake_x[53][5]_i_1_n_0  |                  |                3 |             11 |         3.67 |
|  clk_IBUF_BUFG | u_game/snake_x[59][5]_i_1_n_0  |                  |                4 |             11 |         2.75 |
|  clk_IBUF_BUFG | u_game/snake_x[6][5]_i_1_n_0   |                  |                5 |             11 |         2.20 |
|  clk_IBUF_BUFG | u_game/snake_x[74][5]_i_1_n_0  |                  |                5 |             11 |         2.20 |
|  clk_IBUF_BUFG | u_game/snake_x[54][5]_i_1_n_0  |                  |                3 |             11 |         3.67 |
|  clk_IBUF_BUFG | u_game/snake_x[66][5]_i_1_n_0  |                  |                5 |             11 |         2.20 |
|  clk_IBUF_BUFG | u_game/snake_x[60][5]_i_1_n_0  |                  |                4 |             11 |         2.75 |
|  clk_IBUF_BUFG | u_game/snake_x[64][5]_i_1_n_0  |                  |                4 |             11 |         2.75 |
|  clk_IBUF_BUFG | u_game/snake_x[69][5]_i_1_n_0  |                  |                2 |             11 |         5.50 |
|  clk_IBUF_BUFG | u_game/snake_x[73][5]_i_1_n_0  |                  |                2 |             11 |         5.50 |
|  clk_IBUF_BUFG | u_game/snake_x[70][5]_i_1_n_0  |                  |                6 |             11 |         1.83 |
|  clk_IBUF_BUFG | u_game/snake_x[75][5]_i_1_n_0  |                  |                4 |             11 |         2.75 |
|  clk_IBUF_BUFG | u_game/snake_x[76][5]_i_1_n_0  |                  |                3 |             11 |         3.67 |
|  clk_IBUF_BUFG | u_game/snake_x[68][5]_i_1_n_0  |                  |                3 |             11 |         3.67 |
|  clk_IBUF_BUFG | u_game/snake_x[62][5]_i_1_n_0  |                  |                8 |             11 |         1.38 |
|  clk_IBUF_BUFG | u_game/snake_x[72][5]_i_1_n_0  |                  |                3 |             11 |         3.67 |
|  clk_IBUF_BUFG | u_game/snake_x[51][5]_i_1_n_0  |                  |                5 |             11 |         2.20 |
|  clk_IBUF_BUFG | u_game/snake_x[61][5]_i_1_n_0  |                  |                3 |             11 |         3.67 |
|  clk_IBUF_BUFG | u_game/snake_x[77][5]_i_1_n_0  |                  |                4 |             11 |         2.75 |
|  clk_IBUF_BUFG | u_game/snake_x[78][5]_i_1_n_0  |                  |                6 |             11 |         1.83 |
|  clk_IBUF_BUFG | u_game/snake_x[79][5]_i_1_n_0  |                  |                6 |             11 |         1.83 |
|  clk_IBUF_BUFG | u_game/snake_x[50][5]_i_1_n_0  |                  |                4 |             11 |         2.75 |
|  clk_IBUF_BUFG | u_game/snake_x[56][5]_i_1_n_0  |                  |                4 |             11 |         2.75 |
|  clk_IBUF_BUFG | u_game/snake_x[7][5]_i_1_n_0   |                  |               10 |             11 |         1.10 |
|  clk_IBUF_BUFG | u_game/snake_x[80][5]_i_1_n_0  |                  |                7 |             11 |         1.57 |
|  clk_IBUF_BUFG | u_game/snake_x[247][5]_i_1_n_0 |                  |                2 |             11 |         5.50 |
|  clk_IBUF_BUFG | u_game/snake_x[57][5]_i_1_n_0  |                  |                5 |             11 |         2.20 |
|  clk_IBUF_BUFG | u_game/snake_x[63][5]_i_1_n_0  |                  |                8 |             11 |         1.38 |
|  clk_IBUF_BUFG | u_game/snake_x[65][5]_i_1_n_0  |                  |                2 |             11 |         5.50 |
|  clk_IBUF_BUFG | u_game/snake_x[71][5]_i_1_n_0  |                  |                6 |             11 |         1.83 |
|  clk_IBUF_BUFG | u_game/snake_x[67][5]_i_1_n_0  |                  |                4 |             11 |         2.75 |
|  clk_IBUF_BUFG | u_game/snake_x[5][5]_i_1_n_0   |                  |                5 |             11 |         2.20 |
|  clk_IBUF_BUFG | u_game/snake_x[55][5]_i_1_n_0  |                  |                4 |             11 |         2.75 |
|  clk_IBUF_BUFG | u_game/snake_x[88][5]_i_1_n_0  |                  |                3 |             11 |         3.67 |
|  clk_IBUF_BUFG | u_game/snake_x[89][5]_i_1_n_0  |                  |                3 |             11 |         3.67 |
|  clk_IBUF_BUFG | u_game/snake_x[85][5]_i_1_n_0  |                  |                2 |             11 |         5.50 |
|  clk_IBUF_BUFG | u_game/snake_x[8][5]_i_1_n_0   |                  |                5 |             11 |         2.20 |
|  clk_IBUF_BUFG | u_game/snake_x[92][5]_i_1_n_0  |                  |                6 |             11 |         1.83 |
|  clk_IBUF_BUFG | u_game/snake_x[96][5]_i_1_n_0  |                  |                9 |             11 |         1.22 |
|  clk_IBUF_BUFG | u_game/snake_x[87][5]_i_1_n_0  |                  |                2 |             11 |         5.50 |
|  clk_IBUF_BUFG | u_game/snake_x[97][5]_i_1_n_0  |                  |                7 |             11 |         1.57 |
|  clk_IBUF_BUFG | u_game/snake_x[83][5]_i_1_n_0  |                  |                4 |             11 |         2.75 |
|  clk_IBUF_BUFG | u_game/snake_x[86][5]_i_1_n_0  |                  |                2 |             11 |         5.50 |
|  clk_IBUF_BUFG | u_game/snake_x[84][5]_i_1_n_0  |                  |                5 |             11 |         2.20 |
|  clk_IBUF_BUFG | u_game/snake_x[90][5]_i_1_n_0  |                  |                3 |             11 |         3.67 |
|  clk_IBUF_BUFG | u_game/snake_x[94][5]_i_1_n_0  |                  |                4 |             11 |         2.75 |
|  clk_IBUF_BUFG | u_game/snake_x[95][5]_i_1_n_0  |                  |                7 |             11 |         1.57 |
|  clk_IBUF_BUFG | u_game/snake_x[98][5]_i_1_n_0  |                  |               10 |             11 |         1.10 |
|  clk_IBUF_BUFG | u_game/snake_x[99][5]_i_1_n_0  |                  |                7 |             11 |         1.57 |
|  clk_IBUF_BUFG | u_game/snake_x[82][5]_i_1_n_0  |                  |                2 |             11 |         5.50 |
|  clk_IBUF_BUFG | u_game/snake_x[9][5]_i_1_n_0   |                  |                5 |             11 |         2.20 |
|  clk_IBUF_BUFG | u_game/snake_x[93][5]_i_1_n_0  |                  |                5 |             11 |         2.20 |
|  clk_IBUF_BUFG | u_dbs/sample_tick              | u_game/rst       |                5 |             17 |         3.40 |
|  clk_IBUF_BUFG | u_db3/sample_tick              | u_game/rst       |                4 |             17 |         4.25 |
|  clk_IBUF_BUFG | u_db1/sample_tick              | u_game/rst       |                5 |             17 |         3.40 |
|  clk_IBUF_BUFG | u_db0/sample_tick              | u_game/rst       |                5 |             17 |         3.40 |
|  clk_IBUF_BUFG | u_game/head_idx[7]_i_1_n_0     | u_game/rst       |               10 |             19 |         1.90 |
|  clk_IBUF_BUFG | u_game/tail_idx[7]_i_1_n_0     | u_game/rst       |                6 |             24 |         4.00 |
|  clk_IBUF_BUFG | u_game/dead_timer[24]_i_1_n_0  | u_game/rst       |                8 |             25 |         3.12 |
|  clk_IBUF_BUFG | u_clkdiv/vga_ce                | u_game/rst       |               18 |             51 |         2.83 |
|  clk_IBUF_BUFG |                                | u_game/rst       |              744 |           1369 |         1.84 |
+----------------+--------------------------------+------------------+------------------+----------------+--------------+


