Copyright 1986-2020 Xilinx, Inc. All Rights Reserved.
-----------------------------------------------------------------------------------------------------------------------------------------------------------------
| Tool Version : Vivado v.2020.2 (win64) Build 3064766 Wed Nov 18 09:12:45 MST 2020
| Date         : Mon Jun 22 16:58:57 2026
| Host         : FWX running 64-bit major release  (build 9200)
| Command      : report_methodology -file snake_top_methodology_drc_routed.rpt -pb snake_top_methodology_drc_routed.pb -rpx snake_top_methodology_drc_routed.rpx
| Design       : snake_top
| Device       : xc7k160tffg676-1
| Speed File   : -1
| Design State : Fully Routed
-----------------------------------------------------------------------------------------------------------------------------------------------------------------

Report Methodology

Table of Contents
-----------------
1. REPORT SUMMARY
2. REPORT DETAILS

1. REPORT SUMMARY
-----------------
            Netlist: netlist
          Floorplan: design_1
      Design limits: <entire design considered>
             Max violations: <unlimited>
             Violations found: 43
+-----------+----------+-------------------------------+------------+
| Rule      | Severity | Description                   | Violations |
+-----------+----------+-------------------------------+------------+
| LUTAR-1   | Warning  | LUT drives async reset alert  | 1          |
| TIMING-18 | Warning  | Missing input or output delay | 42         |
+-----------+----------+-------------------------------+------------+

2. REPORT DETAILS
-----------------
LUTAR-1#1 Warning
LUT drives async reset alert  
LUT cell u_game/state[1]_i_2, with 2 or more inputs, drives asynchronous preset/clear pin(s) u_clkdiv/game_cnt_reg[0]/CLR, u_clkdiv/game_cnt_reg[10]/CLR,
u_clkdiv/game_cnt_reg[11]/CLR, u_clkdiv/game_cnt_reg[12]/CLR,
u_clkdiv/game_cnt_reg[13]/CLR, u_clkdiv/game_cnt_reg[14]/CLR,
u_clkdiv/game_cnt_reg[15]/CLR, u_clkdiv/game_cnt_reg[16]/CLR,
u_clkdiv/game_cnt_reg[17]/CLR, u_clkdiv/game_cnt_reg[18]/CLR,
u_clkdiv/game_cnt_reg[19]/CLR, u_clkdiv/game_cnt_reg[1]/CLR,
u_clkdiv/game_cnt_reg[20]/CLR, u_clkdiv/game_cnt_reg[21]/CLR,
u_clkdiv/game_cnt_reg[22]/CLR (the first 15 of 1661 listed). The LUT may glitch and trigger an unexpected reset, even if it is a properly timed path.
Related violations: <none>

TIMING-18#1 Warning
Missing input or output delay  
An input delay is missing on BTNX4 relative to clock(s) clk100MHZ
Related violations: <none>

TIMING-18#2 Warning
Missing input or output delay  
An input delay is missing on BTN[0] relative to clock(s) clk100MHZ
Related violations: <none>

TIMING-18#3 Warning
Missing input or output delay  
An input delay is missing on BTN[1] relative to clock(s) clk100MHZ
Related violations: <none>

TIMING-18#4 Warning
Missing input or output delay  
An input delay is missing on BTN[2] relative to clock(s) clk100MHZ
Related violations: <none>

TIMING-18#5 Warning
Missing input or output delay  
An input delay is missing on BTN[3] relative to clock(s) clk100MHZ
Related violations: <none>

TIMING-18#6 Warning
Missing input or output delay  
An input delay is missing on ps2_clk relative to clock(s) clk100MHZ
Related violations: <none>

TIMING-18#7 Warning
Missing input or output delay  
An input delay is missing on ps2_data relative to clock(s) clk100MHZ
Related violations: <none>

TIMING-18#8 Warning
Missing input or output delay  
An input delay is missing on rstn relative to clock(s) clk100MHZ
Related violations: <none>

TIMING-18#9 Warning
Missing input or output delay  
An output delay is missing on AN[0] relative to clock(s) clk100MHZ
Related violations: <none>

TIMING-18#10 Warning
Missing input or output delay  
An output delay is missing on AN[1] relative to clock(s) clk100MHZ
Related violations: <none>

TIMING-18#11 Warning
Missing input or output delay  
An output delay is missing on AN[2] relative to clock(s) clk100MHZ
Related violations: <none>

TIMING-18#12 Warning
Missing input or output delay  
An output delay is missing on AN[3] relative to clock(s) clk100MHZ
Related violations: <none>

TIMING-18#13 Warning
Missing input or output delay  
An output delay is missing on LED[0] relative to clock(s) clk100MHZ
Related violations: <none>

TIMING-18#14 Warning
Missing input or output delay  
An output delay is missing on LED[1] relative to clock(s) clk100MHZ
Related violations: <none>

TIMING-18#15 Warning
Missing input or output delay  
An output delay is missing on LED[2] relative to clock(s) clk100MHZ
Related violations: <none>

TIMING-18#16 Warning
Missing input or output delay  
An output delay is missing on LED[3] relative to clock(s) clk100MHZ
Related violations: <none>

TIMING-18#17 Warning
Missing input or output delay  
An output delay is missing on LED[4] relative to clock(s) clk100MHZ
Related violations: <none>

TIMING-18#18 Warning
Missing input or output delay  
An output delay is missing on LED[5] relative to clock(s) clk100MHZ
Related violations: <none>

TIMING-18#19 Warning
Missing input or output delay  
An output delay is missing on LED[6] relative to clock(s) clk100MHZ
Related violations: <none>

TIMING-18#20 Warning
Missing input or output delay  
An output delay is missing on LED[7] relative to clock(s) clk100MHZ
Related violations: <none>

TIMING-18#21 Warning
Missing input or output delay  
An output delay is missing on SEGMENT[0] relative to clock(s) clk100MHZ
Related violations: <none>

TIMING-18#22 Warning
Missing input or output delay  
An output delay is missing on SEGMENT[1] relative to clock(s) clk100MHZ
Related violations: <none>

TIMING-18#23 Warning
Missing input or output delay  
An output delay is missing on SEGMENT[2] relative to clock(s) clk100MHZ
Related violations: <none>

TIMING-18#24 Warning
Missing input or output delay  
An output delay is missing on SEGMENT[3] relative to clock(s) clk100MHZ
Related violations: <none>

TIMING-18#25 Warning
Missing input or output delay  
An output delay is missing on SEGMENT[4] relative to clock(s) clk100MHZ
Related violations: <none>

TIMING-18#26 Warning
Missing input or output delay  
An output delay is missing on SEGMENT[5] relative to clock(s) clk100MHZ
Related violations: <none>

TIMING-18#27 Warning
Missing input or output delay  
An output delay is missing on SEGMENT[6] relative to clock(s) clk100MHZ
Related violations: <none>

TIMING-18#28 Warning
Missing input or output delay  
An output delay is missing on SEGMENT[7] relative to clock(s) clk100MHZ
Related violations: <none>

TIMING-18#29 Warning
Missing input or output delay  
An output delay is missing on b[0] relative to clock(s) clk100MHZ
Related violations: <none>

TIMING-18#30 Warning
Missing input or output delay  
An output delay is missing on b[1] relative to clock(s) clk100MHZ
Related violations: <none>

TIMING-18#31 Warning
Missing input or output delay  
An output delay is missing on b[2] relative to clock(s) clk100MHZ
Related violations: <none>

TIMING-18#32 Warning
Missing input or output delay  
An output delay is missing on b[3] relative to clock(s) clk100MHZ
Related violations: <none>

TIMING-18#33 Warning
Missing input or output delay  
An output delay is missing on g[0] relative to clock(s) clk100MHZ
Related violations: <none>

TIMING-18#34 Warning
Missing input or output delay  
An output delay is missing on g[1] relative to clock(s) clk100MHZ
Related violations: <none>

TIMING-18#35 Warning
Missing input or output delay  
An output delay is missing on g[2] relative to clock(s) clk100MHZ
Related violations: <none>

TIMING-18#36 Warning
Missing input or output delay  
An output delay is missing on g[3] relative to clock(s) clk100MHZ
Related violations: <none>

TIMING-18#37 Warning
Missing input or output delay  
An output delay is missing on hs relative to clock(s) clk100MHZ
Related violations: <none>

TIMING-18#38 Warning
Missing input or output delay  
An output delay is missing on r[0] relative to clock(s) clk100MHZ
Related violations: <none>

TIMING-18#39 Warning
Missing input or output delay  
An output delay is missing on r[1] relative to clock(s) clk100MHZ
Related violations: <none>

TIMING-18#40 Warning
Missing input or output delay  
An output delay is missing on r[2] relative to clock(s) clk100MHZ
Related violations: <none>

TIMING-18#41 Warning
Missing input or output delay  
An output delay is missing on r[3] relative to clock(s) clk100MHZ
Related violations: <none>

TIMING-18#42 Warning
Missing input or output delay  
An output delay is missing on vs relative to clock(s) clk100MHZ
Related violations: <none>


