
*** Running vivado
    with args -log snake_top.vds -m64 -product Vivado -mode batch -messageDb vivado.pb -notrace -source snake_top.tcl



****** Vivado v2020.2 (64-bit)
  **** SW Build 3064766 on Wed Nov 18 09:12:45 MST 2020
  **** IP Build 3064653 on Wed Nov 18 14:17:31 MST 2020
    ** Copyright 1986-2020 Xilinx, Inc. All Rights Reserved.

source snake_top.tcl -notrace
Command: synth_design -top snake_top -part xc7k160tffg676-1
Starting synth_design
Attempting to get a license for feature 'Synthesis' and/or device 'xc7k160t'
INFO: [Common 17-349] Got license for feature 'Synthesis' and/or device 'xc7k160t'
INFO: [Device 21-403] Loading part xc7k160tffg676-1
INFO: [Synth 8-7079] Multithreading enabled for synth_design using a maximum of 2 processes.
INFO: [Synth 8-7078] Launching helper process for spawning children vivado processes
INFO: [Synth 8-7075] Helper process launched with PID 6360
WARNING: [Synth 8-2292] literal value truncated to fit in 25 bits [D:/dldproject/snake/rtl/snake_game.v:43]
---------------------------------------------------------------------------------
Starting RTL Elaboration : Time (s): cpu = 00:00:03 ; elapsed = 00:00:03 . Memory (MB): peak = 1003.574 ; gain = 0.000
---------------------------------------------------------------------------------
INFO: [Synth 8-6157] synthesizing module 'snake_top' [D:/dldproject/snake/rtl/snake_top.v:8]
INFO: [Synth 8-6157] synthesizing module 'clk_div' [D:/dldproject/snake/rtl/clk_div.v:13]
	Parameter GAME_TICK_DIV bound to: 25'b1001100010010110011111111 
INFO: [Synth 8-6155] done synthesizing module 'clk_div' (1#1) [D:/dldproject/snake/rtl/clk_div.v:13]
INFO: [Synth 8-6157] synthesizing module 'debounce' [D:/dldproject/snake/rtl/debounce.v:10]
INFO: [Synth 8-6155] done synthesizing module 'debounce' (2#1) [D:/dldproject/snake/rtl/debounce.v:10]
INFO: [Synth 8-6157] synthesizing module 'ps2_keyboard' [D:/dldproject/snake/rtl/ps2_keyboard.v:14]
INFO: [Synth 8-6155] done synthesizing module 'ps2_keyboard' (3#1) [D:/dldproject/snake/rtl/ps2_keyboard.v:14]
INFO: [Synth 8-6157] synthesizing module 'lfsr' [D:/dldproject/snake/rtl/lfsr.v:9]
INFO: [Synth 8-6155] done synthesizing module 'lfsr' (4#1) [D:/dldproject/snake/rtl/lfsr.v:9]
INFO: [Synth 8-6157] synthesizing module 'snake_game' [D:/dldproject/snake/rtl/snake_game.v:9]
	Parameter S_IDLE bound to: 2'b00 
	Parameter S_PLAYING bound to: 2'b01 
	Parameter S_DEAD bound to: 2'b10 
	Parameter DIR_UP bound to: 2'b00 
	Parameter DIR_DOWN bound to: 2'b01 
	Parameter DIR_LEFT bound to: 2'b10 
	Parameter DIR_RIGHT bound to: 2'b11 
	Parameter MAX_LEN bound to: 256 - type: integer 
	Parameter DEAD_TIME bound to: 25'b1111010111100000111111111 
INFO: [Synth 8-226] default block is never used [D:/dldproject/snake/rtl/snake_game.v:146]
INFO: [Synth 8-6155] done synthesizing module 'snake_game' (5#1) [D:/dldproject/snake/rtl/snake_game.v:9]
INFO: [Synth 8-6157] synthesizing module 'vga_controller' [D:/dldproject/snake/rtl/vga_controller.v:12]
	Parameter H_VISIBLE bound to: 640 - type: integer 
	Parameter H_FRONT bound to: 16 - type: integer 
	Parameter H_SYNC bound to: 96 - type: integer 
	Parameter H_BACK bound to: 48 - type: integer 
	Parameter H_TOTAL bound to: 800 - type: integer 
	Parameter H_SYNC_START bound to: 656 - type: integer 
	Parameter H_SYNC_END bound to: 752 - type: integer 
	Parameter V_VISIBLE bound to: 480 - type: integer 
	Parameter V_FRONT bound to: 10 - type: integer 
	Parameter V_SYNC bound to: 2 - type: integer 
	Parameter V_BACK bound to: 33 - type: integer 
	Parameter V_TOTAL bound to: 525 - type: integer 
	Parameter V_SYNC_START bound to: 490 - type: integer 
	Parameter V_SYNC_END bound to: 492 - type: integer 
INFO: [Synth 8-6155] done synthesizing module 'vga_controller' (6#1) [D:/dldproject/snake/rtl/vga_controller.v:12]
INFO: [Synth 8-6157] synthesizing module 'snake_render' [D:/dldproject/snake/rtl/snake_render.v:9]
INFO: [Synth 8-6155] done synthesizing module 'snake_render' (7#1) [D:/dldproject/snake/rtl/snake_render.v:9]
INFO: [Synth 8-6157] synthesizing module 'seven_seg_display' [D:/dldproject/snake/rtl/seven_seg_display.v:8]
INFO: [Synth 8-226] default block is never used [D:/dldproject/snake/rtl/seven_seg_display.v:43]
INFO: [Synth 8-6155] done synthesizing module 'seven_seg_display' (8#1) [D:/dldproject/snake/rtl/seven_seg_display.v:8]
INFO: [Synth 8-6155] done synthesizing module 'snake_top' (9#1) [D:/dldproject/snake/rtl/snake_top.v:8]
---------------------------------------------------------------------------------
Finished RTL Elaboration : Time (s): cpu = 00:00:05 ; elapsed = 00:00:06 . Memory (MB): peak = 1046.406 ; gain = 42.832
---------------------------------------------------------------------------------
---------------------------------------------------------------------------------
Start Handling Custom Attributes
---------------------------------------------------------------------------------
---------------------------------------------------------------------------------
Finished Handling Custom Attributes : Time (s): cpu = 00:00:06 ; elapsed = 00:00:07 . Memory (MB): peak = 1046.406 ; gain = 42.832
---------------------------------------------------------------------------------
---------------------------------------------------------------------------------
Finished RTL Optimization Phase 1 : Time (s): cpu = 00:00:06 ; elapsed = 00:00:07 . Memory (MB): peak = 1046.406 ; gain = 42.832
---------------------------------------------------------------------------------
Netlist sorting complete. Time (s): cpu = 00:00:00 ; elapsed = 00:00:00.084 . Memory (MB): peak = 1046.406 ; gain = 0.000
INFO: [Project 1-570] Preparing netlist for logic optimization

Processing XDC Constraints
Initializing timing engine
Parsing XDC File [D:/dldproject/snake/constraints/snake_k7.xdc]
Finished Parsing XDC File [D:/dldproject/snake/constraints/snake_k7.xdc]
INFO: [Project 1-236] Implementation specific constraints were found while reading constraint file [D:/dldproject/snake/constraints/snake_k7.xdc]. These constraints will be ignored for synthesis but will be used in implementation. Impacted constraints are listed in the file [.Xil/snake_top_propImpl.xdc].
Resolution: To avoid this warning, move constraints listed in [.Xil/snake_top_propImpl.xdc] to another XDC file and exclude this new file from synthesis with the used_in_synthesis property (File Properties dialog in GUI) and re-run elaboration/synthesis.
Completed Processing XDC Constraints

Netlist sorting complete. Time (s): cpu = 00:00:00 ; elapsed = 00:00:00.001 . Memory (MB): peak = 1162.457 ; gain = 0.000
INFO: [Project 1-111] Unisim Transformation Summary:
No Unisim elements were transformed.

Constraint Validation Runtime : Time (s): cpu = 00:00:00 ; elapsed = 00:00:00.023 . Memory (MB): peak = 1162.457 ; gain = 0.000
---------------------------------------------------------------------------------
Finished Constraint Validation : Time (s): cpu = 00:00:12 ; elapsed = 00:00:13 . Memory (MB): peak = 1162.457 ; gain = 158.883
---------------------------------------------------------------------------------
---------------------------------------------------------------------------------
Start Loading Part and Timing Information
---------------------------------------------------------------------------------
Loading part: xc7k160tffg676-1
---------------------------------------------------------------------------------
Finished Loading Part and Timing Information : Time (s): cpu = 00:00:12 ; elapsed = 00:00:13 . Memory (MB): peak = 1162.457 ; gain = 158.883
---------------------------------------------------------------------------------
---------------------------------------------------------------------------------
Start Applying 'set_property' XDC Constraints
---------------------------------------------------------------------------------
---------------------------------------------------------------------------------
Finished applying 'set_property' XDC Constraints : Time (s): cpu = 00:00:12 ; elapsed = 00:00:14 . Memory (MB): peak = 1162.457 ; gain = 158.883
---------------------------------------------------------------------------------
INFO: [Synth 8-802] inferred FSM for state register 'state_reg' in module 'snake_game'
---------------------------------------------------------------------------------------------------
                   State |                     New Encoding |                Previous Encoding 
---------------------------------------------------------------------------------------------------
*
               S_PLAYING |                               01 |                               01
                  S_DEAD |                               10 |                               10
---------------------------------------------------------------------------------------------------
INFO: [Synth 8-3898] No Re-encoding of one hot register 'state_reg' in module 'snake_game'
---------------------------------------------------------------------------------
Finished RTL Optimization Phase 2 : Time (s): cpu = 00:00:14 ; elapsed = 00:00:17 . Memory (MB): peak = 1162.457 ; gain = 158.883
---------------------------------------------------------------------------------
---------------------------------------------------------------------------------
Start RTL Component Statistics 
---------------------------------------------------------------------------------
Detailed RTL Component Info : 
+---Adders : 
	   2 Input   25 Bit       Adders := 1     
	   2 Input   10 Bit       Adders := 2     
	   2 Input    8 Bit       Adders := 3     
	   2 Input    6 Bit       Adders := 3     
	   2 Input    5 Bit       Adders := 1     
	   2 Input    4 Bit       Adders := 5     
	   2 Input    2 Bit       Adders := 1     
+---XORs : 
	   2 Input      1 Bit         XORs := 4     
+---XORs : 
	                8 Bit    Wide XORs := 1     
+---Registers : 
	             1200 Bit    Registers := 1     
	               25 Bit    Registers := 1     
	               16 Bit    Registers := 7     
	               11 Bit    Registers := 1     
	               10 Bit    Registers := 4     
	                8 Bit    Registers := 3     
	                6 Bit    Registers := 259   
	                5 Bit    Registers := 257   
	                4 Bit    Registers := 4     
	                2 Bit    Registers := 4     
	                1 Bit    Registers := 32    
+---Muxes : 
	   2 Input 1200 Bit        Muxes := 5     
	   2 Input   25 Bit        Muxes := 1     
	   2 Input   16 Bit        Muxes := 7     
	   4 Input   16 Bit        Muxes := 1     
	   2 Input   11 Bit        Muxes := 1     
	   2 Input   10 Bit        Muxes := 2     
	   2 Input    8 Bit        Muxes := 2     
	   2 Input    6 Bit        Muxes := 3     
	   4 Input    6 Bit        Muxes := 1     
	   2 Input    5 Bit        Muxes := 2     
	   4 Input    5 Bit        Muxes := 1     
	   2 Input    4 Bit        Muxes := 6     
	   3 Input    4 Bit        Muxes := 2     
	   5 Input    4 Bit        Muxes := 1     
	   4 Input    4 Bit        Muxes := 2     
	   2 Input    3 Bit        Muxes := 2     
	   5 Input    2 Bit        Muxes := 1     
	   4 Input    2 Bit        Muxes := 2     
	   2 Input    2 Bit        Muxes := 4     
	   3 Input    2 Bit        Muxes := 2     
	   2 Input    1 Bit        Muxes := 284   
	   5 Input    1 Bit        Muxes := 4     
	   9 Input    1 Bit        Muxes := 4     
	   3 Input    1 Bit        Muxes := 1     
	   8 Input    1 Bit        Muxes := 1     
---------------------------------------------------------------------------------
Finished RTL Component Statistics 
---------------------------------------------------------------------------------
---------------------------------------------------------------------------------
Start Part Resource Summary
---------------------------------------------------------------------------------
Part Resources:
DSPs: 600 (col length:100)
BRAMs: 650 (col length: RAMB18 100 RAMB36 50)
---------------------------------------------------------------------------------
Finished Part Resource Summary
---------------------------------------------------------------------------------
---------------------------------------------------------------------------------
Start Cross Boundary and Area Optimization
---------------------------------------------------------------------------------
---------------------------------------------------------------------------------
Finished Cross Boundary and Area Optimization : Time (s): cpu = 00:01:18 ; elapsed = 00:01:21 . Memory (MB): peak = 1228.688 ; gain = 225.113
---------------------------------------------------------------------------------
---------------------------------------------------------------------------------
Start Applying XDC Timing Constraints
---------------------------------------------------------------------------------
---------------------------------------------------------------------------------
Finished Applying XDC Timing Constraints : Time (s): cpu = 00:01:22 ; elapsed = 00:01:26 . Memory (MB): peak = 1228.688 ; gain = 225.113
---------------------------------------------------------------------------------
---------------------------------------------------------------------------------
Start Timing Optimization
---------------------------------------------------------------------------------
---------------------------------------------------------------------------------
Finished Timing Optimization : Time (s): cpu = 00:01:36 ; elapsed = 00:01:41 . Memory (MB): peak = 1294.344 ; gain = 290.770
---------------------------------------------------------------------------------
---------------------------------------------------------------------------------
Start Technology Mapping
---------------------------------------------------------------------------------
---------------------------------------------------------------------------------
Finished Technology Mapping : Time (s): cpu = 00:01:43 ; elapsed = 00:01:47 . Memory (MB): peak = 1322.816 ; gain = 319.242
---------------------------------------------------------------------------------
---------------------------------------------------------------------------------
Start IO Insertion
---------------------------------------------------------------------------------
---------------------------------------------------------------------------------
Start Flattening Before IO Insertion
---------------------------------------------------------------------------------
---------------------------------------------------------------------------------
Finished Flattening Before IO Insertion
---------------------------------------------------------------------------------
---------------------------------------------------------------------------------
Start Final Netlist Cleanup
---------------------------------------------------------------------------------
---------------------------------------------------------------------------------
Finished Final Netlist Cleanup
---------------------------------------------------------------------------------
---------------------------------------------------------------------------------
Finished IO Insertion : Time (s): cpu = 00:01:45 ; elapsed = 00:01:50 . Memory (MB): peak = 1322.816 ; gain = 319.242
---------------------------------------------------------------------------------
---------------------------------------------------------------------------------
Start Renaming Generated Instances
---------------------------------------------------------------------------------
---------------------------------------------------------------------------------
Finished Renaming Generated Instances : Time (s): cpu = 00:01:45 ; elapsed = 00:01:50 . Memory (MB): peak = 1322.816 ; gain = 319.242
---------------------------------------------------------------------------------
---------------------------------------------------------------------------------
Start Rebuilding User Hierarchy
---------------------------------------------------------------------------------
---------------------------------------------------------------------------------
Finished Rebuilding User Hierarchy : Time (s): cpu = 00:01:46 ; elapsed = 00:01:50 . Memory (MB): peak = 1322.816 ; gain = 319.242
---------------------------------------------------------------------------------
---------------------------------------------------------------------------------
Start Renaming Generated Ports
---------------------------------------------------------------------------------
---------------------------------------------------------------------------------
Finished Renaming Generated Ports : Time (s): cpu = 00:01:46 ; elapsed = 00:01:50 . Memory (MB): peak = 1322.816 ; gain = 319.242
---------------------------------------------------------------------------------
---------------------------------------------------------------------------------
Start Handling Custom Attributes
---------------------------------------------------------------------------------
---------------------------------------------------------------------------------
Finished Handling Custom Attributes : Time (s): cpu = 00:01:46 ; elapsed = 00:01:51 . Memory (MB): peak = 1322.816 ; gain = 319.242
---------------------------------------------------------------------------------
---------------------------------------------------------------------------------
Start Renaming Generated Nets
---------------------------------------------------------------------------------
---------------------------------------------------------------------------------
Finished Renaming Generated Nets : Time (s): cpu = 00:01:46 ; elapsed = 00:01:51 . Memory (MB): peak = 1322.816 ; gain = 319.242
---------------------------------------------------------------------------------
---------------------------------------------------------------------------------
Start Writing Synthesis Report
---------------------------------------------------------------------------------

Report BlackBoxes: 
+-+--------------+----------+
| |BlackBox name |Instances |
+-+--------------+----------+
+-+--------------+----------+

Report Cell Usage: 
+------+-------+------+
|      |Cell   |Count |
+------+-------+------+
|1     |BUFG   |     1|
|2     |CARRY4 |    64|
|3     |LUT1   |    38|
|4     |LUT2   |   261|
|5     |LUT3   |    84|
|6     |LUT4   |   175|
|7     |LUT5   |    86|
|8     |LUT6   |  4669|
|9     |MUXF7  |   819|
|10    |MUXF8  |   379|
|11    |FDCE   |  1507|
|12    |FDPE   |   153|
|13    |FDRE   |  2841|
|14    |IBUF   |     9|
|15    |OBUF   |    34|
+------+-------+------+
---------------------------------------------------------------------------------
Finished Writing Synthesis Report : Time (s): cpu = 00:01:46 ; elapsed = 00:01:51 . Memory (MB): peak = 1322.816 ; gain = 319.242
---------------------------------------------------------------------------------
Synthesis finished with 0 errors, 0 critical warnings and 0 warnings.
Synthesis Optimization Runtime : Time (s): cpu = 00:01:38 ; elapsed = 00:01:48 . Memory (MB): peak = 1322.816 ; gain = 203.191
Synthesis Optimization Complete : Time (s): cpu = 00:01:46 ; elapsed = 00:01:51 . Memory (MB): peak = 1322.816 ; gain = 319.242
INFO: [Project 1-571] Translating synthesized netlist
Netlist sorting complete. Time (s): cpu = 00:00:00 ; elapsed = 00:00:00.070 . Memory (MB): peak = 1322.816 ; gain = 0.000
INFO: [Netlist 29-17] Analyzing 1262 Unisim elements for replacement
INFO: [Netlist 29-28] Unisim Transformation completed in 0 CPU seconds
WARNING: [Netlist 29-101] Netlist 'snake_top' is not ideal for floorplanning, since the cellview 'snake_game' contains a large number of primitives.  Please consider enabling hierarchy in synthesis if you want to do floorplanning.
INFO: [Project 1-570] Preparing netlist for logic optimization
INFO: [Opt 31-138] Pushed 0 inverter(s) to 0 load pin(s).
Netlist sorting complete. Time (s): cpu = 00:00:00 ; elapsed = 00:00:00.001 . Memory (MB): peak = 1322.816 ; gain = 0.000
INFO: [Project 1-111] Unisim Transformation Summary:
No Unisim elements were transformed.

INFO: [Common 17-83] Releasing license: Synthesis
37 Infos, 2 Warnings, 0 Critical Warnings and 0 Errors encountered.
synth_design completed successfully
synth_design: Time (s): cpu = 00:01:53 ; elapsed = 00:01:59 . Memory (MB): peak = 1322.816 ; gain = 319.242
INFO: [Common 17-1381] The checkpoint 'D:/dldproject/snake/snake/snake.runs/synth_1/snake_top.dcp' has been generated.
INFO: [runtcl-4] Executing : report_utilization -file snake_top_utilization_synth.rpt -pb snake_top_utilization_synth.pb
INFO: [Common 17-206] Exiting Vivado at Mon Jun 22 16:57:29 2026...
